C51 COMPILER V9.01   MAIN                                                                  02/12/2026 21:16:37 PAGE 1   


C51 COMPILER V9.01, COMPILATION OF MODULE MAIN
OBJECT MODULE PLACED IN main.OBJ
COMPILER INVOKED BY: D:\C51\BIN\C51.EXE main.c BROWSE DEBUG OBJECTEXTEND

line level    source

   1          #include <REGX52.H>
   2           void main ()
   3           {
   4   1      //       P2=0xFE;
   5   1               
   6   1               while(1)
   7   1               {
   8   2                        if(P3_1==0)
   9   2                        {
  10   3                              P2_0=0;
  11   3                        }
  12   2                        else
  13   2                        {
  14   3                              P2_0=1;
  15   3                        }
  16   2               }
  17   1      
  18   1       }


MODULE INFORMATION:   STATIC OVERLAYABLE
   CODE SIZE        =     11    ----
   CONSTANT SIZE    =   ----    ----
   XDATA SIZE       =   ----    ----
   PDATA SIZE       =   ----    ----
   DATA SIZE        =   ----    ----
   IDATA SIZE       =   ----    ----
   BIT SIZE         =   ----    ----
END OF MODULE INFORMATION.


C51 COMPILATION COMPLETE.  0 WARNING(S),  0 ERROR(S)
